// Jest Snapshot v1, https://goo.gl/fbAQLP

exports[`TodoApp should render 1`] = `
Object {
  "asFragment": [Function],
  "baseElement": <body>
    <div>
      <div
        class="todo-app"
      >
        <h1>
          Todo List
        </h1>
        <div />
        <div>
          <input
            value=""
          />
          <button
            class="add-todo"
          >
            Add Todo
          </button>
        </div>
        <ul
          class="todo-list"
        >
          No todos, yay!
        </ul>
        <div
          class="visibility-filters"
        >
          <span
            class="filter"
          >
            all
          </span>
          <span
            class="filter"
          >
            completed
          </span>
          <span
            class="filter"
          >
            incomplete
          </span>
        </div>
      </div>
    </div>
  </body>,
  "container": <div>
    <div
      class="todo-app"
    >
      <h1>
        Todo List
      </h1>
      <div />
      <div>
        <input
          value=""
        />
        <button
          class="add-todo"
        >
          Add Todo
        </button>
      </div>
      <ul
        class="todo-list"
      >
        No todos, yay!
      </ul>
      <div
        class="visibility-filters"
      >
        <span
          class="filter"
        >
          all
        </span>
        <span
          class="filter"
        >
          completed
        </span>
        <span
          class="filter"
        >
          incomplete
        </span>
      </div>
    </div>
  </div>,
  "debug": [Function],
  "findAllByAltText": [Function],
  "findAllByDisplayValue": [Function],
  "findAllByLabelText": [Function],
  "findAllByPlaceholderText": [Function],
  "findAllByRole": [Function],
  "findAllByTestId": [Function],
  "findAllByText": [Function],
  "findAllByTitle": [Function],
  "findByAltText": [Function],
  "findByDisplayValue": [Function],
  "findByLabelText": [Function],
  "findByPlaceholderText": [Function],
  "findByRole": [Function],
  "findByTestId": [Function],
  "findByText": [Function],
  "findByTitle": [Function],
  "getAllByAltText": [Function],
  "getAllByDisplayValue": [Function],
  "getAllByLabelText": [Function],
  "getAllByPlaceholderText": [Function],
  "getAllByRole": [Function],
  "getAllByTestId": [Function],
  "getAllByText": [Function],
  "getAllByTitle": [Function],
  "getByAltText": [Function],
  "getByDisplayValue": [Function],
  "getByLabelText": [Function],
  "getByPlaceholderText": [Function],
  "getByRole": [Function],
  "getByTestId": [Function],
  "getByText": [Function],
  "getByTitle": [Function],
  "queryAllByAltText": [Function],
  "queryAllByDisplayValue": [Function],
  "queryAllByLabelText": [Function],
  "queryAllByPlaceholderText": [Function],
  "queryAllByRole": [Function],
  "queryAllByTestId": [Function],
  "queryAllByText": [Function],
  "queryAllByTitle": [Function],
  "queryByAltText": [Function],
  "queryByDisplayValue": [Function],
  "queryByLabelText": [Function],
  "queryByPlaceholderText": [Function],
  "queryByRole": [Function],
  "queryByTestId": [Function],
  "queryByText": [Function],
  "queryByTitle": [Function],
  "rerender": [Function],
  "unmount": [Function],
}
`;
