// Jest Snapshot v1, https://goo.gl/fbAQLP

exports[`AddTodo should render 1`] = `
Array [
  Object {
    "asFragment": [Function],
    "baseElement": <body>
      <div>
        <div>
          <input
            value=""
          />
          <button
            class="add-todo"
          >
            Add Todo
          </button>
        </div>
      </div>
    </body>,
    "container": <div>
      <div>
        <input
          value=""
        />
        <button
          class="add-todo"
        >
          Add Todo
        </button>
      </div>
    </div>,
    "debug": [Function],
    "findAllByAltText": [Function],
    "findAllByDisplayValue": [Function],
    "findAllByLabelText": [Function],
    "findAllByPlaceholderText": [Function],
    "findAllByRole": [Function],
    "findAllByTestId": [Function],
    "findAllByText": [Function],
    "findAllByTitle": [Function],
    "findByAltText": [Function],
    "findByDisplayValue": [Function],
    "findByLabelText": [Function],
    "findByPlaceholderText": [Function],
    "findByRole": [Function],
    "findByTestId": [Function],
    "findByText": [Function],
    "findByTitle": [Function],
    "getAllByAltText": [Function],
    "getAllByDisplayValue": [Function],
    "getAllByLabelText": [Function],
    "getAllByPlaceholderText": [Function],
    "getAllByRole": [Function],
    "getAllByTestId": [Function],
    "getAllByText": [Function],
    "getAllByTitle": [Function],
    "getByAltText": [Function],
    "getByDisplayValue": [Function],
    "getByLabelText": [Function],
    "getByPlaceholderText": [Function],
    "getByRole": [Function],
    "getByTestId": [Function],
    "getByText": [Function],
    "getByTitle": [Function],
    "queryAllByAltText": [Function],
    "queryAllByDisplayValue": [Function],
    "queryAllByLabelText": [Function],
    "queryAllByPlaceholderText": [Function],
    "queryAllByRole": [Function],
    "queryAllByTestId": [Function],
    "queryAllByText": [Function],
    "queryAllByTitle": [Function],
    "queryByAltText": [Function],
    "queryByDisplayValue": [Function],
    "queryByLabelText": [Function],
    "queryByPlaceholderText": [Function],
    "queryByRole": [Function],
    "queryByTestId": [Function],
    "queryByText": [Function],
    "queryByTitle": [Function],
    "rerender": [Function],
    "unmount": [Function],
  },
  Object {
    "clearActions": [Function],
    "dispatch": [Function],
    "getActions": [Function],
    "getState": [Function],
    "replaceReducer": [Function],
    "subscribe": [Function],
  },
]
`;
